Gap closure batch generation summary
templates=67
attempts=4721
accepted=2550
rejected_total=2171

Per-bucket accepted:
  bf_pesc: accepted=200 rejected=0
  celiac: accepted=100 rejected=0
  ckd: accepted=200 rejected=378
  dt2: accepted=500 rejected=1774
  jugo: accepted=50 rejected=19
  snack_omni: accepted=500 rejected=0
  snack_pesc: accepted=500 rejected=0
  snack_veg: accepted=200 rejected=0
  snack_vegan: accepted=300 rejected=0

Rejection reason counts:
  dt2_carbs_high: 788
  dt2_fiber_low: 682
  ckd_potassium_high: 330
  dt2_gl_high: 304
  ckd_protein_high: 48
  kcal_out_of_range: 16
  jugo_carbs_high: 3

Rejection samples (first 200):
nova_meal_gap_cbe304287f	ckd:ckd_protein_high
nova_meal_gap_761b3924ac	ckd:ckd_protein_high
nova_meal_gap_3c552e4266	ckd:ckd_protein_high
nova_meal_gap_024cf7ef86	ckd:ckd_protein_high
nova_meal_gap_2e47c9e294	ckd:ckd_protein_high
nova_meal_gap_3a55dafe33	ckd:ckd_protein_high
nova_meal_gap_cae93a98ad	ckd:ckd_protein_high
nova_meal_gap_60aa0d6431	ckd:ckd_protein_high
nova_meal_gap_11dac1fd9a	ckd:ckd_protein_high
nova_meal_gap_6bbc7bced4	ckd:ckd_protein_high
nova_meal_gap_95f3797c28	ckd:ckd_protein_high
nova_meal_gap_f4a62fd210	ckd:ckd_protein_high
nova_meal_gap_16fd3ea48f	ckd:ckd_protein_high
nova_meal_gap_1b9de94f25	ckd:ckd_protein_high
nova_meal_gap_826c7c3667	ckd:ckd_protein_high
nova_meal_gap_cdaa8ade1c	ckd:ckd_protein_high
nova_meal_gap_007b022946	ckd:ckd_potassium_high
nova_meal_gap_5ba18aa754	ckd:ckd_potassium_high
nova_meal_gap_1347cb7dac	ckd:ckd_potassium_high
nova_meal_gap_1e48b9f152	ckd:ckd_potassium_high
nova_meal_gap_8f7f4adbab	ckd:ckd_protein_high
nova_meal_gap_0bcad0c0cd	ckd:ckd_protein_high
nova_meal_gap_fd801e0fe1	ckd:ckd_potassium_high
nova_meal_gap_d8616d4372	ckd:ckd_potassium_high
nova_meal_gap_5c2ac194a7	ckd:ckd_potassium_high
nova_meal_gap_6e2922cdb2	ckd:ckd_potassium_high
nova_meal_gap_889ca5d31e	ckd:ckd_potassium_high
nova_meal_gap_8f57886d9a	ckd:ckd_potassium_high
nova_meal_gap_cc1d1d9ddf	ckd:ckd_potassium_high
nova_meal_gap_d5cddd3972	ckd:ckd_potassium_high
nova_meal_gap_f3d0650183	ckd:ckd_protein_high
nova_meal_gap_c72c2bbf03	ckd:ckd_protein_high
nova_meal_gap_941cf3da7a	ckd:ckd_potassium_high
nova_meal_gap_cd598e2d0c	ckd:ckd_potassium_high
nova_meal_gap_b6c33522af	ckd:ckd_protein_high
nova_meal_gap_14db9cbb48	ckd:ckd_protein_high
nova_meal_gap_80c3f99999	ckd:ckd_potassium_high
nova_meal_gap_d9f8b48411	ckd:ckd_potassium_high
nova_meal_gap_2f112ed778	ckd:ckd_potassium_high
nova_meal_gap_d3b470154a	ckd:ckd_potassium_high
nova_meal_gap_23631363ac	ckd:ckd_potassium_high
nova_meal_gap_b0d5aebf49	ckd:ckd_potassium_high
nova_meal_gap_b1c46b9876	ckd:ckd_potassium_high
nova_meal_gap_a9825cf3e0	ckd:ckd_potassium_high
nova_meal_gap_57fa432e32	ckd:ckd_potassium_high
nova_meal_gap_b22a42df25	ckd:ckd_potassium_high
nova_meal_gap_2849b79f43	ckd:ckd_potassium_high
nova_meal_gap_a21c3ebff1	ckd:ckd_potassium_high
nova_meal_gap_2a1678840f	ckd:ckd_potassium_high
nova_meal_gap_5210c5f488	ckd:ckd_potassium_high
nova_meal_gap_d5937baa6b	ckd:ckd_potassium_high
nova_meal_gap_222b68ca0f	ckd:ckd_potassium_high
nova_meal_gap_b2f691e859	ckd:ckd_potassium_high
nova_meal_gap_e4fa768b00	ckd:ckd_potassium_high
nova_meal_gap_3aedf6a0a3	ckd:ckd_potassium_high
nova_meal_gap_97a0a3a4e8	ckd:ckd_potassium_high
nova_meal_gap_2ebb046e5c	ckd:ckd_potassium_high
nova_meal_gap_9ebd65e1ab	ckd:ckd_potassium_high
nova_meal_gap_16ba4b877f	ckd:ckd_potassium_high
nova_meal_gap_7eba5dbd4b	ckd:ckd_potassium_high
nova_meal_gap_19e90feb70	ckd:ckd_potassium_high
nova_meal_gap_f279ce2cea	ckd:ckd_potassium_high
nova_meal_gap_f461341c81	ckd:ckd_potassium_high
nova_meal_gap_28fcaf3af8	ckd:ckd_potassium_high
nova_meal_gap_95e91939c6	ckd:ckd_potassium_high
nova_meal_gap_40c526afd2	ckd:ckd_potassium_high
nova_meal_gap_d48e60d03c	ckd:ckd_potassium_high
nova_meal_gap_21f548a727	ckd:ckd_potassium_high
nova_meal_gap_93a355d784	ckd:ckd_potassium_high
nova_meal_gap_d29e0fa7a9	ckd:ckd_potassium_high
nova_meal_gap_9eb9931522	ckd:ckd_potassium_high
nova_meal_gap_41b8e6f3d8	ckd:ckd_potassium_high
nova_meal_gap_754cd564b5	ckd:ckd_potassium_high
nova_meal_gap_92ea637459	ckd:ckd_potassium_high
nova_meal_gap_6cf595ce50	ckd:ckd_potassium_high
nova_meal_gap_5eed03be59	ckd:ckd_protein_high
nova_meal_gap_adfe530e79	ckd:ckd_protein_high
nova_meal_gap_5bfafe6937	ckd:ckd_protein_high
nova_meal_gap_0b35eb6c6b	ckd:ckd_protein_high
nova_meal_gap_b551a4426c	ckd:ckd_protein_high
nova_meal_gap_a31ba423ed	ckd:ckd_protein_high
nova_meal_gap_8303883eda	ckd:ckd_protein_high
nova_meal_gap_1658b00766	ckd:ckd_protein_high
nova_meal_gap_ace86b604a	ckd:ckd_protein_high
nova_meal_gap_a9a3ce68cb	ckd:ckd_protein_high
nova_meal_gap_67eddf3cc2	ckd:ckd_protein_high
nova_meal_gap_40f4a39113	ckd:ckd_protein_high
nova_meal_gap_5070a58cad	ckd:ckd_protein_high
nova_meal_gap_999f9e3a33	ckd:ckd_protein_high
nova_meal_gap_42d5e1875a	ckd:ckd_protein_high
nova_meal_gap_0d36e6cec3	ckd:ckd_protein_high
nova_meal_gap_70a505461c	ckd:ckd_potassium_high
nova_meal_gap_91274f4f19	ckd:ckd_potassium_high
nova_meal_gap_fbe920508f	ckd:ckd_potassium_high
nova_meal_gap_d71f8dbd16	ckd:ckd_potassium_high
nova_meal_gap_07a3b2732a	ckd:ckd_protein_high
nova_meal_gap_e8c08cd812	ckd:ckd_protein_high
nova_meal_gap_c23516c162	ckd:ckd_potassium_high
nova_meal_gap_0044a8ec0c	ckd:ckd_potassium_high
nova_meal_gap_dfafc33a8a	ckd:ckd_potassium_high
nova_meal_gap_bedf93bd06	ckd:ckd_potassium_high
nova_meal_gap_bb3605a150	ckd:ckd_potassium_high
nova_meal_gap_f686c4b284	ckd:ckd_potassium_high
nova_meal_gap_bad1fde43a	ckd:ckd_potassium_high
nova_meal_gap_789c054592	ckd:ckd_potassium_high
nova_meal_gap_038b5d54fd	ckd:ckd_protein_high
nova_meal_gap_e28c7f204e	ckd:ckd_protein_high
nova_meal_gap_be6f3d2a2f	ckd:ckd_potassium_high
nova_meal_gap_08a4c96673	ckd:ckd_potassium_high
nova_meal_gap_5f0258772d	ckd:ckd_protein_high
nova_meal_gap_d6cfb7a48c	ckd:ckd_protein_high
nova_meal_gap_6168cf0ed8	ckd:ckd_potassium_high
nova_meal_gap_a9d3996cad	ckd:ckd_potassium_high
nova_meal_gap_b076ff8079	ckd:ckd_potassium_high
nova_meal_gap_9b50570c9f	ckd:ckd_potassium_high
nova_meal_gap_567040084f	ckd:ckd_potassium_high
nova_meal_gap_e9bc9df047	ckd:ckd_potassium_high
nova_meal_gap_5647ecaeac	ckd:ckd_potassium_high
nova_meal_gap_a8ecc1699a	ckd:ckd_potassium_high
nova_meal_gap_f2b035c32b	ckd:ckd_potassium_high
nova_meal_gap_acf5b136c8	ckd:ckd_potassium_high
nova_meal_gap_6254b6c3d8	ckd:ckd_potassium_high
nova_meal_gap_af72adea7d	ckd:ckd_potassium_high
nova_meal_gap_68fa8d1b62	ckd:ckd_potassium_high
nova_meal_gap_82eac7a6d0	ckd:ckd_potassium_high
nova_meal_gap_3f47dcac9e	ckd:ckd_potassium_high
nova_meal_gap_7ec0931d5d	ckd:ckd_potassium_high
nova_meal_gap_a1f33ea68c	ckd:ckd_potassium_high
nova_meal_gap_e340a64537	ckd:ckd_potassium_high
nova_meal_gap_143a4c6665	ckd:ckd_potassium_high
nova_meal_gap_3315223b31	ckd:ckd_potassium_high
nova_meal_gap_af78d4f55a	ckd:ckd_potassium_high
nova_meal_gap_d1a18cd135	ckd:ckd_potassium_high
nova_meal_gap_5039ba06a7	ckd:ckd_potassium_high
nova_meal_gap_5259925ae2	ckd:ckd_potassium_high
nova_meal_gap_a5361b297d	ckd:ckd_potassium_high
nova_meal_gap_776f27e469	ckd:ckd_potassium_high
nova_meal_gap_be94a54b59	ckd:ckd_potassium_high
nova_meal_gap_7887ab515a	ckd:ckd_potassium_high
nova_meal_gap_3d8351d52f	ckd:ckd_potassium_high
nova_meal_gap_da17e168a8	ckd:ckd_potassium_high
nova_meal_gap_4738499d50	ckd:ckd_potassium_high
nova_meal_gap_0502c48e7f	ckd:ckd_potassium_high
nova_meal_gap_430d1e1135	ckd:ckd_potassium_high
nova_meal_gap_27c13ede4b	ckd:ckd_potassium_high
nova_meal_gap_13801798b6	ckd:ckd_potassium_high
nova_meal_gap_bdb528e200	ckd:ckd_potassium_high
nova_meal_gap_07533418b7	ckd:ckd_potassium_high
nova_meal_gap_ee1ccd3cd1	ckd:ckd_potassium_high
nova_meal_gap_7608abf824	ckd:ckd_potassium_high
nova_meal_gap_2364435bc6	ckd:ckd_potassium_high
nova_meal_gap_0de3f62bc1	ckd:ckd_potassium_high
nova_meal_gap_fd87dedf62	ckd:ckd_potassium_high
nova_meal_gap_9611e0fa0e	ckd:ckd_potassium_high
nova_meal_gap_8a7e82eed8	ckd:ckd_potassium_high
nova_meal_gap_a1d581e89f	ckd:ckd_potassium_high
nova_meal_gap_66c8527d57	ckd:ckd_potassium_high
nova_meal_gap_23563d73bc	ckd:ckd_potassium_high
nova_meal_gap_c1c277e2b9	ckd:ckd_potassium_high
nova_meal_gap_c99fd6fb5f	ckd:ckd_potassium_high
nova_meal_gap_c20c96deba	ckd:ckd_potassium_high
nova_meal_gap_d773044597	ckd:ckd_potassium_high
nova_meal_gap_cd40b634b4	ckd:ckd_potassium_high
nova_meal_gap_b6a29c6d72	ckd:ckd_potassium_high
nova_meal_gap_e44bab802e	ckd:ckd_potassium_high
nova_meal_gap_bd52b66c49	ckd:ckd_potassium_high
nova_meal_gap_a34b4f04ba	ckd:ckd_potassium_high
nova_meal_gap_a8260ab068	ckd:ckd_potassium_high
nova_meal_gap_dc6c6d1e4a	ckd:ckd_potassium_high
nova_meal_gap_dc89085579	ckd:ckd_potassium_high
nova_meal_gap_b3ad641621	ckd:ckd_potassium_high
nova_meal_gap_6cd59951ba	ckd:ckd_potassium_high
nova_meal_gap_0e3beb00fe	ckd:ckd_potassium_high
nova_meal_gap_b24bf9867c	ckd:ckd_potassium_high
nova_meal_gap_61969c9492	ckd:ckd_potassium_high
nova_meal_gap_5096c03418	ckd:ckd_potassium_high
nova_meal_gap_f16017562a	ckd:ckd_potassium_high
nova_meal_gap_414196187b	ckd:ckd_potassium_high
nova_meal_gap_416f36efb0	ckd:ckd_potassium_high
nova_meal_gap_5f213cc20e	ckd:ckd_potassium_high
nova_meal_gap_f442c1e3d1	ckd:ckd_potassium_high
nova_meal_gap_e84ecd0f4a	ckd:ckd_potassium_high
nova_meal_gap_28c572302a	ckd:ckd_potassium_high
nova_meal_gap_9204b6bc0a	ckd:ckd_potassium_high
nova_meal_gap_8b9f45fff2	ckd:ckd_potassium_high
nova_meal_gap_e790af8d73	ckd:ckd_potassium_high
nova_meal_gap_97d0370996	ckd:ckd_potassium_high
nova_meal_gap_18cb450e71	ckd:ckd_potassium_high
nova_meal_gap_7074308a59	ckd:ckd_potassium_high
nova_meal_gap_8ce4f14440	ckd:ckd_potassium_high
nova_meal_gap_ed597c9364	ckd:ckd_potassium_high
nova_meal_gap_6dfc2f912f	ckd:ckd_potassium_high
nova_meal_gap_09c2538cf8	ckd:ckd_potassium_high
nova_meal_gap_2dabf250b7	ckd:ckd_potassium_high
nova_meal_gap_6fc073aef5	ckd:ckd_potassium_high
nova_meal_gap_0e4c74e857	ckd:ckd_potassium_high
nova_meal_gap_f0a326f9b4	ckd:ckd_potassium_high
nova_meal_gap_730c017501	ckd:ckd_potassium_high
nova_meal_gap_d57393579d	ckd:ckd_potassium_high
nova_meal_gap_e73e897d0a	ckd:ckd_potassium_high