L99 batch generation summary
templates=50
attempts=49380
accepted=19614
rejected_total=29766

Rejection reason counts:
  name_exact_collision: 29361
  duplicate_id: 302
  protein_out_of_range: 103

Rejection samples (first 200):
nova_meal_l99_ed1e1abafc	name_exact_collision
nova_meal_l99_bed565f0eb	name_exact_collision
nova_meal_l99_57e3b28a25	name_exact_collision
nova_meal_l99_b2fa8d9513	name_exact_collision
nova_meal_l99_a9d4b50fd1	name_exact_collision
nova_meal_l99_648a873f5f	name_exact_collision
nova_meal_l99_d7441ea44f	name_exact_collision
nova_meal_l99_add758eb6c	name_exact_collision
nova_meal_l99_bb1ac59249	name_exact_collision
nova_meal_l99_f49ecd729d	name_exact_collision
nova_meal_l99_033b22eb5f	name_exact_collision
nova_meal_l99_6d96aa941b	name_exact_collision
nova_meal_l99_d0ded4ba89	name_exact_collision
nova_meal_l99_a664d9894d	name_exact_collision
nova_meal_l99_704016c236	name_exact_collision
nova_meal_l99_ab339ede46	name_exact_collision
nova_meal_l99_578e5469ef	name_exact_collision
nova_meal_l99_ca6ef59a17	name_exact_collision
nova_meal_l99_ec59f670f3	name_exact_collision
nova_meal_l99_9e778aca6e	name_exact_collision
nova_meal_l99_8d1701b1ab	name_exact_collision
nova_meal_l99_1e8f143bc5	name_exact_collision
nova_meal_l99_27f1eff334	name_exact_collision
nova_meal_l99_39b8e490ba	name_exact_collision
nova_meal_l99_540fcacd77	name_exact_collision
nova_meal_l99_81259d8337	name_exact_collision
nova_meal_l99_024e8cb962	name_exact_collision
nova_meal_l99_cc7fece571	name_exact_collision
nova_meal_l99_c40b0a99fb	name_exact_collision
nova_meal_l99_bf3e804020	name_exact_collision
nova_meal_l99_b89564e096	name_exact_collision
nova_meal_l99_24c3961696	name_exact_collision
nova_meal_l99_8729cfb685	name_exact_collision
nova_meal_l99_334acce6fe	name_exact_collision
nova_meal_l99_ab4fd22b06	name_exact_collision
nova_meal_l99_453bab57af	name_exact_collision
nova_meal_l99_b22f28bedc	name_exact_collision
nova_meal_l99_fdbcc1e6d2	name_exact_collision
nova_meal_l99_ed349ea9e2	name_exact_collision
nova_meal_l99_c89497bd2c	name_exact_collision
nova_meal_l99_9f0af95dd8	name_exact_collision
nova_meal_l99_6eb7272c7b	name_exact_collision
nova_meal_l99_6bd7d63161	name_exact_collision
nova_meal_l99_9c7b789130	name_exact_collision
nova_meal_l99_62c29b81cb	name_exact_collision
nova_meal_l99_ecb0e600c4	name_exact_collision
nova_meal_l99_aad614aaff	name_exact_collision
nova_meal_l99_bc2108f3fd	name_exact_collision
nova_meal_l99_d768efcf1d	name_exact_collision
nova_meal_l99_380511c688	name_exact_collision
nova_meal_l99_f3c880eb2b	name_exact_collision
nova_meal_l99_11b21929c4	name_exact_collision
nova_meal_l99_43ba2e71b6	name_exact_collision
nova_meal_l99_7734557a62	name_exact_collision
nova_meal_l99_aaca38a5e1	name_exact_collision
nova_meal_l99_126acead29	name_exact_collision
nova_meal_l99_f1a6ba539a	name_exact_collision
nova_meal_l99_6097dd73d1	name_exact_collision
nova_meal_l99_b3a299e03d	name_exact_collision
nova_meal_l99_a0f0326d92	name_exact_collision
nova_meal_l99_7af90e7d33	name_exact_collision
nova_meal_l99_60bc7244ed	name_exact_collision
nova_meal_l99_f9a5a7942f	name_exact_collision
nova_meal_l99_077bddadb6	name_exact_collision
nova_meal_l99_67581d60af	name_exact_collision
nova_meal_l99_78e6a2f00d	name_exact_collision
nova_meal_l99_ac175fe6f4	name_exact_collision
nova_meal_l99_eb0708786e	name_exact_collision
nova_meal_l99_493be189d7	name_exact_collision
nova_meal_l99_b9edb0004f	name_exact_collision
nova_meal_l99_d243d3c852	name_exact_collision
nova_meal_l99_0f70496eb7	name_exact_collision
nova_meal_l99_d3b898d42e	name_exact_collision
nova_meal_l99_17bf012cf0	name_exact_collision
nova_meal_l99_2d46486448	name_exact_collision
nova_meal_l99_348330b7fc	name_exact_collision
nova_meal_l99_4e5ff04faa	name_exact_collision
nova_meal_l99_7f71dadc61	name_exact_collision
nova_meal_l99_fc15dbf712	name_exact_collision
nova_meal_l99_6daea6595c	name_exact_collision
nova_meal_l99_6d9fd04f82	name_exact_collision
nova_meal_l99_013adb86eb	name_exact_collision
nova_meal_l99_20d2dc57b0	name_exact_collision
nova_meal_l99_9fb29fcbd3	name_exact_collision
nova_meal_l99_60f788af28	name_exact_collision
nova_meal_l99_11e4b93512	name_exact_collision
nova_meal_l99_2714a17542	name_exact_collision
nova_meal_l99_08cbd2ca5e	name_exact_collision
nova_meal_l99_8ab40bf84b	name_exact_collision
nova_meal_l99_32efb4e2ee	name_exact_collision
nova_meal_l99_d00efcf400	name_exact_collision
nova_meal_l99_f4056014ff	name_exact_collision
nova_meal_l99_ec1d9a8484	name_exact_collision
nova_meal_l99_6731a5d57d	name_exact_collision
nova_meal_l99_4ba3ec3a9b	name_exact_collision
nova_meal_l99_5d988d82ef	name_exact_collision
nova_meal_l99_0980d50e38	name_exact_collision
nova_meal_l99_ead5c6c145	name_exact_collision
nova_meal_l99_e38f0a1bfb	name_exact_collision
nova_meal_l99_e3a66c11d0	name_exact_collision
nova_meal_l99_8f4d1d5dc2	name_exact_collision
nova_meal_l99_8591bbeec2	name_exact_collision
nova_meal_l99_a8645aed2d	name_exact_collision
nova_meal_l99_3e26634db8	name_exact_collision
nova_meal_l99_3a09ee5a2a	name_exact_collision
nova_meal_l99_e8097fde2f	name_exact_collision
nova_meal_l99_8431fdd5a9	name_exact_collision
nova_meal_l99_1fcb0522ba	name_exact_collision
nova_meal_l99_f23e8b8cd9	name_exact_collision
nova_meal_l99_8fe60eeb2e	name_exact_collision
nova_meal_l99_218af4e920	name_exact_collision
nova_meal_l99_0c82e5a80c	name_exact_collision
nova_meal_l99_aee245f429	name_exact_collision
nova_meal_l99_46fd04c73f	name_exact_collision
nova_meal_l99_dd794fe9ef	name_exact_collision
nova_meal_l99_3953025cae	name_exact_collision
nova_meal_l99_a80cd64b71	name_exact_collision
nova_meal_l99_7850148ad7	name_exact_collision
nova_meal_l99_5dc7414cb5	name_exact_collision
nova_meal_l99_c50b07e16d	name_exact_collision
nova_meal_l99_2bccbf82c9	name_exact_collision
nova_meal_l99_1bbcf222b3	name_exact_collision
nova_meal_l99_77de24d70b	name_exact_collision
nova_meal_l99_c5e7a26c00	name_exact_collision
nova_meal_l99_18ee3a46e1	name_exact_collision
nova_meal_l99_ce1244a5d3	name_exact_collision
nova_meal_l99_8214284655	name_exact_collision
nova_meal_l99_0a79cc43f9	name_exact_collision
nova_meal_l99_fd69dcbe4a	name_exact_collision
nova_meal_l99_e56449c8c0	name_exact_collision
nova_meal_l99_96ab53f44f	name_exact_collision
nova_meal_l99_3c0f5933fa	name_exact_collision
nova_meal_l99_04ec4740ba	name_exact_collision
nova_meal_l99_425a3b1e77	name_exact_collision
nova_meal_l99_dc0b233162	name_exact_collision
nova_meal_l99_58a305891f	name_exact_collision
nova_meal_l99_c31969fcbe	name_exact_collision
nova_meal_l99_9360379645	name_exact_collision
nova_meal_l99_28b0c7a6ed	name_exact_collision
nova_meal_l99_5505303442	name_exact_collision
nova_meal_l99_8599354f1a	name_exact_collision
nova_meal_l99_981e94dc33	name_exact_collision
nova_meal_l99_6f5e7f43c5	name_exact_collision
nova_meal_l99_2675b5d9d4	name_exact_collision
nova_meal_l99_7d3d5d41fa	name_exact_collision
nova_meal_l99_48e85d1ff7	name_exact_collision
nova_meal_l99_a4266d4ed5	name_exact_collision
nova_meal_l99_368e63e9e3	name_exact_collision
nova_meal_l99_c43a1f2f98	name_exact_collision
nova_meal_l99_5e18b79fab	name_exact_collision
nova_meal_l99_1815b6b5b9	name_exact_collision
nova_meal_l99_09d42a8292	name_exact_collision
nova_meal_l99_c8f63d78f2	name_exact_collision
nova_meal_l99_b75ed4544e	name_exact_collision
nova_meal_l99_34aeb8857c	name_exact_collision
nova_meal_l99_d2513b4cda	name_exact_collision
nova_meal_l99_c55ace88b8	name_exact_collision
nova_meal_l99_a8cbbf8ecd	name_exact_collision
nova_meal_l99_a3592016be	name_exact_collision
nova_meal_l99_279bf3a50d	name_exact_collision
nova_meal_l99_26435aecbe	name_exact_collision
nova_meal_l99_fa0882b42c	name_exact_collision
nova_meal_l99_cf968d42a5	name_exact_collision
nova_meal_l99_fcc55160c9	name_exact_collision
nova_meal_l99_84a0f922ec	name_exact_collision
nova_meal_l99_711d8f48bf	name_exact_collision
nova_meal_l99_f7555a18c3	name_exact_collision
nova_meal_l99_a87ed35cdb	name_exact_collision
nova_meal_l99_c2eb632b32	name_exact_collision
nova_meal_l99_0f354f547e	name_exact_collision
nova_meal_l99_70537bb5f3	name_exact_collision
nova_meal_l99_e72fd6a7e7	name_exact_collision
nova_meal_l99_d0498b0525	name_exact_collision
nova_meal_l99_fe7ce0ca06	name_exact_collision
nova_meal_l99_e48c4c68ef	name_exact_collision
nova_meal_l99_87a22f30b6	name_exact_collision
nova_meal_l99_17234d3e41	name_exact_collision
nova_meal_l99_e4d3c1fc21	name_exact_collision
nova_meal_l99_2301b431ac	name_exact_collision
nova_meal_l99_06b79a28e9	name_exact_collision
nova_meal_l99_ffbda66176	name_exact_collision
nova_meal_l99_f6a65dc952	name_exact_collision
nova_meal_l99_016a697a54	name_exact_collision
nova_meal_l99_e7ebd5689a	name_exact_collision
nova_meal_l99_50ec47cf98	name_exact_collision
nova_meal_l99_73591df154	name_exact_collision
nova_meal_l99_af13c3ec1e	name_exact_collision
nova_meal_l99_882bdc52af	name_exact_collision
nova_meal_l99_cd6439a5b8	name_exact_collision
nova_meal_l99_b66e9c6777	name_exact_collision
nova_meal_l99_ee0b07e7e9	name_exact_collision
nova_meal_l99_d0cd8d4992	name_exact_collision
nova_meal_l99_8d9b954a18	name_exact_collision
nova_meal_l99_af3bd4eeba	name_exact_collision
nova_meal_l99_eb3e8c5e43	name_exact_collision
nova_meal_l99_f223742547	name_exact_collision
nova_meal_l99_69791b9b81	name_exact_collision
nova_meal_l99_cfbc8f7ced	name_exact_collision
nova_meal_l99_f5055a9144	name_exact_collision
nova_meal_l99_4cc36f66f5	name_exact_collision