Round2 batch generation summary
templates=69
attempts=5234
accepted=993
rejected_total=4241

Per-bucket accepted:
  bf_omni: accepted=500 rejected=0
  ckd: accepted=100 rejected=48
  lactation: accepted=200 rejected=1630
  wg_dinner: accepted=193 rejected=2563

Rejection reason counts:
  wg_kcal_out: 1590
  wg_carbs_low: 955
  lact_calcium_low: 780
  lact_folate_low: 664
  lact_kcal_out: 108
  lact_iron_low: 78
  ckd_potassium_high: 48
  wg_protein_low: 18

Rejection samples (first 200):
nova_meal_r2_62b9174965	ckd:ckd_potassium_high
nova_meal_r2_bc4a4590d3	ckd:ckd_potassium_high
nova_meal_r2_e17fb8bba5	ckd:ckd_potassium_high
nova_meal_r2_e95064490f	ckd:ckd_potassium_high
nova_meal_r2_0ad3a73576	ckd:ckd_potassium_high
nova_meal_r2_1cddce046e	ckd:ckd_potassium_high
nova_meal_r2_916d9f5738	ckd:ckd_potassium_high
nova_meal_r2_fca7d0266e	ckd:ckd_potassium_high
nova_meal_r2_9c231063dd	ckd:ckd_potassium_high
nova_meal_r2_c9ff84b101	ckd:ckd_potassium_high
nova_meal_r2_0c5b82977a	ckd:ckd_potassium_high
nova_meal_r2_12cb35cacc	ckd:ckd_potassium_high
nova_meal_r2_cf0314b6bc	ckd:ckd_potassium_high
nova_meal_r2_8fc402ac5a	ckd:ckd_potassium_high
nova_meal_r2_aa95bacf64	ckd:ckd_potassium_high
nova_meal_r2_caf99a6f5c	ckd:ckd_potassium_high
nova_meal_r2_81df1de5c8	ckd:ckd_potassium_high
nova_meal_r2_56b55e8725	ckd:ckd_potassium_high
nova_meal_r2_63cc0c46c5	ckd:ckd_potassium_high
nova_meal_r2_d849c69349	ckd:ckd_potassium_high
nova_meal_r2_62cc1562d1	ckd:ckd_potassium_high
nova_meal_r2_5092d09d5d	ckd:ckd_potassium_high
nova_meal_r2_12f1f7d6bb	ckd:ckd_potassium_high
nova_meal_r2_0392526e52	ckd:ckd_potassium_high
nova_meal_r2_32d14c7022	ckd:ckd_potassium_high
nova_meal_r2_ad6ddfa2e4	ckd:ckd_potassium_high
nova_meal_r2_957ad987a3	ckd:ckd_potassium_high
nova_meal_r2_56f5d50d1a	ckd:ckd_potassium_high
nova_meal_r2_158fd072be	ckd:ckd_potassium_high
nova_meal_r2_f4a3750372	ckd:ckd_potassium_high
nova_meal_r2_257c18bc68	ckd:ckd_potassium_high
nova_meal_r2_418a801703	ckd:ckd_potassium_high
nova_meal_r2_7b0211b193	ckd:ckd_potassium_high
nova_meal_r2_5158b23700	ckd:ckd_potassium_high
nova_meal_r2_95d3b30a13	ckd:ckd_potassium_high
nova_meal_r2_31b57d3e81	ckd:ckd_potassium_high
nova_meal_r2_20791ee1b6	ckd:ckd_potassium_high
nova_meal_r2_ed67234ba0	ckd:ckd_potassium_high
nova_meal_r2_11772eef2e	ckd:ckd_potassium_high
nova_meal_r2_9c62b06225	ckd:ckd_potassium_high
nova_meal_r2_ea88431906	ckd:ckd_potassium_high
nova_meal_r2_681776996c	ckd:ckd_potassium_high
nova_meal_r2_777f0fa667	ckd:ckd_potassium_high
nova_meal_r2_43db167441	ckd:ckd_potassium_high
nova_meal_r2_b10bf79783	ckd:ckd_potassium_high
nova_meal_r2_d5639beb28	ckd:ckd_potassium_high
nova_meal_r2_d0b7ec4219	ckd:ckd_potassium_high
nova_meal_r2_0bcd97909e	ckd:ckd_potassium_high
nova_meal_r2_01d4d782d6	lactation:lact_calcium_low=160
nova_meal_r2_213eff9453	lactation:lact_calcium_low=200
nova_meal_r2_a806e17ea1	lactation:lact_calcium_low=255
nova_meal_r2_d6178c17d4	lactation:lact_calcium_low=175
nova_meal_r2_8a9fd38ecd	lactation:lact_calcium_low=84
nova_meal_r2_5dd5861f1d	lactation:lact_calcium_low=124
nova_meal_r2_321889a7b0	lactation:lact_calcium_low=178
nova_meal_r2_0bf749d84e	lactation:lact_calcium_low=98
nova_meal_r2_56152ac641	lactation:lact_calcium_low=227
nova_meal_r2_0fd5710a4d	lactation:lact_calcium_low=267
nova_meal_r2_0e20f2be73	lactation:lact_calcium_low=241
nova_meal_r2_d5ecb1bf50	lactation:lact_folate_low=141
nova_meal_r2_88657f2ddf	lactation:lact_folate_low=147
nova_meal_r2_ce7691422b	lactation:lact_folate_low=148
nova_meal_r2_88065cab2f	lactation:lact_calcium_low=77
nova_meal_r2_0411ad30b0	lactation:lact_calcium_low=47
nova_meal_r2_986a04c341	lactation:lact_calcium_low=87
nova_meal_r2_3e9e3f6833	lactation:lact_calcium_low=142
nova_meal_r2_98e2616614	lactation:lact_calcium_low=62
nova_meal_r2_ada3662b6c	lactation:lact_calcium_low=146
nova_meal_r2_a90e22072a	lactation:lact_calcium_low=186
nova_meal_r2_5f1d323b54	lactation:lact_calcium_low=241
nova_meal_r2_8c3bd2beeb	lactation:lact_calcium_low=161
nova_meal_r2_667809af50	lactation:lact_calcium_low=70
nova_meal_r2_b3eb4fdf2c	lactation:lact_calcium_low=110
nova_meal_r2_6d91ad5966	lactation:lact_calcium_low=164
nova_meal_r2_9dcd6430d6	lactation:lact_calcium_low=84
nova_meal_r2_bacc81bb0e	lactation:lact_calcium_low=213
nova_meal_r2_eb72cd7c0b	lactation:lact_calcium_low=253
nova_meal_r2_50866fadfe	lactation:lact_calcium_low=227
nova_meal_r2_0804f17f95	lactation:lact_folate_low=103
nova_meal_r2_e6c2417b24	lactation:lact_folate_low=109
nova_meal_r2_53494068a0	lactation:lact_folate_low=110
nova_meal_r2_dd0bb19f34	lactation:lact_folate_low=118
nova_meal_r2_270747d47f	lactation:lact_folate_low=140
nova_meal_r2_c6228a094a	lactation:lact_folate_low=147
nova_meal_r2_3ce8402ec0	lactation:lact_folate_low=148
nova_meal_r2_d16c706e5b	lactation:lact_calcium_low=48
nova_meal_r2_63a5061ab9	lactation:lact_calcium_low=173
nova_meal_r2_d747c71f86	lactation:lact_calcium_low=213
nova_meal_r2_9d29c0da56	lactation:lact_calcium_low=268
nova_meal_r2_dce8eaa4f2	lactation:lact_calcium_low=188
nova_meal_r2_f928aa1fa7	lactation:lact_calcium_low=97
nova_meal_r2_e3c01eeabe	lactation:lact_calcium_low=137
nova_meal_r2_80f817dd33	lactation:lact_calcium_low=191
nova_meal_r2_c48e867052	lactation:lact_calcium_low=111
nova_meal_r2_eaa6d6960d	lactation:lact_calcium_low=240
nova_meal_r2_c1246c17d2	lactation:lact_calcium_low=280
nova_meal_r2_4bf11dfccb	lactation:lact_calcium_low=254
nova_meal_r2_75ed942c28	lactation:lact_folate_low=110
nova_meal_r2_c18e5093bb	lactation:lact_folate_low=116
nova_meal_r2_6f10710980	lactation:lact_folate_low=117
nova_meal_r2_6e898c7fd3	lactation:lact_folate_low=125
nova_meal_r2_568afd4391	lactation:lact_folate_low=148
nova_meal_r2_456c79bb92	lactation:lact_calcium_low=100
nova_meal_r2_77d63aaac1	lactation:lact_calcium_low=155
nova_meal_r2_a3235c5945	lactation:lact_calcium_low=75
nova_meal_r2_b157916bc2	lactation:lact_calcium_low=160
nova_meal_r2_4d40197371	lactation:lact_calcium_low=200
nova_meal_r2_9a697d7354	lactation:lact_calcium_low=255
nova_meal_r2_ad9ac59441	lactation:lact_calcium_low=175
nova_meal_r2_0b87007d7f	lactation:lact_calcium_low=84
nova_meal_r2_2e58a0ca6e	lactation:lact_calcium_low=124
nova_meal_r2_78bae0a647	lactation:lact_calcium_low=178
nova_meal_r2_7d918689f2	lactation:lact_calcium_low=98
nova_meal_r2_5ac040d1fa	lactation:lact_calcium_low=227
nova_meal_r2_6d05a59ea5	lactation:lact_calcium_low=267
nova_meal_r2_705c22b480	lactation:lact_calcium_low=241
nova_meal_r2_e2d2ee3c1c	lactation:lact_folate_low=141
nova_meal_r2_6608c6172e	lactation:lact_folate_low=147
nova_meal_r2_119a48f923	lactation:lact_folate_low=148
nova_meal_r2_7a4bf4e4c7	lactation:lact_calcium_low=77
nova_meal_r2_7ad3a0b04b	lactation:lact_calcium_low=47
nova_meal_r2_1733c2d448	lactation:lact_calcium_low=87
nova_meal_r2_d7accde372	lactation:lact_calcium_low=142
nova_meal_r2_eb43796f4a	lactation:lact_calcium_low=62
nova_meal_r2_74cc7802d8	lactation:lact_calcium_low=146
nova_meal_r2_f1b3d6a632	lactation:lact_calcium_low=186
nova_meal_r2_089f0eac8b	lactation:lact_calcium_low=241
nova_meal_r2_7ac7fb5164	lactation:lact_calcium_low=161
nova_meal_r2_519feb647d	lactation:lact_calcium_low=70
nova_meal_r2_79dbf77bf2	lactation:lact_calcium_low=110
nova_meal_r2_b81f4797ad	lactation:lact_calcium_low=164
nova_meal_r2_81530884d6	lactation:lact_calcium_low=84
nova_meal_r2_2ad7ed373d	lactation:lact_calcium_low=213
nova_meal_r2_c873bdc034	lactation:lact_calcium_low=253
nova_meal_r2_8b9f50405c	lactation:lact_calcium_low=227
nova_meal_r2_844fc6fe09	lactation:lact_folate_low=103
nova_meal_r2_462aaa7591	lactation:lact_folate_low=109
nova_meal_r2_d67fa5cde4	lactation:lact_folate_low=110
nova_meal_r2_5756c853b7	lactation:lact_folate_low=118
nova_meal_r2_89cee8cfc9	lactation:lact_folate_low=140
nova_meal_r2_963ae89e23	lactation:lact_folate_low=147
nova_meal_r2_fc929b160f	lactation:lact_folate_low=148
nova_meal_r2_9bef52b01b	lactation:lact_calcium_low=48
nova_meal_r2_a57ea05704	lactation:lact_calcium_low=173
nova_meal_r2_4c196a14bc	lactation:lact_calcium_low=213
nova_meal_r2_bf732916b2	lactation:lact_calcium_low=268
nova_meal_r2_1dab49f1fb	lactation:lact_calcium_low=188
nova_meal_r2_494d960d24	lactation:lact_calcium_low=97
nova_meal_r2_8ef3691839	lactation:lact_calcium_low=137
nova_meal_r2_363cd579e4	lactation:lact_calcium_low=191
nova_meal_r2_5a1124b11b	lactation:lact_calcium_low=111
nova_meal_r2_a35897f98e	lactation:lact_calcium_low=240
nova_meal_r2_35beb10b94	lactation:lact_calcium_low=280
nova_meal_r2_9dc2f3281d	lactation:lact_calcium_low=254
nova_meal_r2_e0de2a6b1a	lactation:lact_folate_low=110
nova_meal_r2_823492936e	lactation:lact_folate_low=116
nova_meal_r2_4acba22c7a	lactation:lact_folate_low=117
nova_meal_r2_b052781896	lactation:lact_folate_low=125
nova_meal_r2_e646b107ea	lactation:lact_folate_low=148
nova_meal_r2_b882f2aed3	lactation:lact_calcium_low=100
nova_meal_r2_795eb2ba1b	lactation:lact_calcium_low=155
nova_meal_r2_f05c405a8f	lactation:lact_calcium_low=75
nova_meal_r2_1ee9584a42	lactation:lact_calcium_low=160
nova_meal_r2_e9d467fca2	lactation:lact_calcium_low=161
nova_meal_r2_ed7c44faa8	lactation:lact_calcium_low=200
nova_meal_r2_21805fcc58	lactation:lact_calcium_low=198
nova_meal_r2_0a7a2c358d	lactation:lact_calcium_low=226
nova_meal_r2_10c6f365e3	lactation:lact_calcium_low=228
nova_meal_r2_056099e154	lactation:lact_calcium_low=266
nova_meal_r2_c202d7430c	lactation:lact_calcium_low=264
nova_meal_r2_03392bcc46	lactation:lact_calcium_low=74
nova_meal_r2_f7b2aade6f	lactation:lact_calcium_low=76
nova_meal_r2_272dc10708	lactation:lact_calcium_low=114
nova_meal_r2_3881b62580	lactation:lact_calcium_low=112
nova_meal_r2_1ec3d7864a	lactation:lact_calcium_low=44
nova_meal_r2_d056e23837	lactation:lact_calcium_low=46
nova_meal_r2_345586a089	lactation:lact_calcium_low=84
nova_meal_r2_5bc8ccfbbd	lactation:lact_calcium_low=82
nova_meal_r2_1c1cd1972a	lactation:lact_calcium_low=83
nova_meal_r2_7577cbbba8	lactation:lact_calcium_low=85
nova_meal_r2_9d1698ac36	lactation:lact_calcium_low=123
nova_meal_r2_f771fe2663	lactation:lact_calcium_low=121
nova_meal_r2_e0dfa84ec6	lactation:lact_calcium_low=171
nova_meal_r2_c9b8192f9e	lactation:lact_calcium_low=173
nova_meal_r2_6b02a221d0	lactation:lact_calcium_low=211
nova_meal_r2_e84e1bdab8	lactation:lact_calcium_low=209
nova_meal_r2_a3b46be347	lactation:lact_calcium_low=237
nova_meal_r2_9693f250ba	lactation:lact_calcium_low=239
nova_meal_r2_de7db9d474	lactation:lact_calcium_low=277
nova_meal_r2_eefdab9f22	lactation:lact_calcium_low=275
nova_meal_r2_5dea36ee68	lactation:lact_calcium_low=85
nova_meal_r2_f17f473a26	lactation:lact_calcium_low=87
nova_meal_r2_1aef0613bb	lactation:lact_calcium_low=125
nova_meal_r2_b5724b5f1a	lactation:lact_calcium_low=123
nova_meal_r2_43802b43c5	lactation:lact_calcium_low=55
nova_meal_r2_11d9bcb08b	lactation:lact_calcium_low=57
nova_meal_r2_45050f1a93	lactation:lact_calcium_low=95
nova_meal_r2_53cc2abdaa	lactation:lact_calcium_low=93
nova_meal_r2_845e75773c	lactation:lact_calcium_low=94
nova_meal_r2_1f79b94518	lactation:lact_calcium_low=96