templates=28
combinations_attempted=7539
accepted=7169
rejected=370

Reject reason counts:
protein_out_of_range: 370

nova_meal_bulk_860eba460e	protein_out_of_range=96
nova_meal_bulk_63a1733c81	protein_out_of_range=100
nova_meal_bulk_cec6935cf6	protein_out_of_range=97
nova_meal_bulk_6fc6fe5736	protein_out_of_range=100
nova_meal_bulk_6bdaf2bd73	protein_out_of_range=97
nova_meal_bulk_2f11d599cb	protein_out_of_range=100
nova_meal_bulk_f9ebbb3e5c	protein_out_of_range=95
nova_meal_bulk_2e79e2637c	protein_out_of_range=98
nova_meal_bulk_5828703515	protein_out_of_range=95
nova_meal_bulk_0d7a929141	protein_out_of_range=98
nova_meal_bulk_e60edd49e4	protein_out_of_range=95
nova_meal_bulk_66c28eb7ec	protein_out_of_range=99
nova_meal_bulk_b7ceda140f	protein_out_of_range=95
nova_meal_bulk_1fc09f5abf	protein_out_of_range=98
nova_meal_bulk_07f8f372df	protein_out_of_range=97
nova_meal_bulk_fe3afc4a5b	protein_out_of_range=101
nova_meal_bulk_d68b3b4abc	protein_out_of_range=95
nova_meal_bulk_13bc43d63f	protein_out_of_range=98
nova_meal_bulk_ad20be825a	protein_out_of_range=96
nova_meal_bulk_a3e21c8d7f	protein_out_of_range=99
nova_meal_bulk_5ec4fd3047	protein_out_of_range=103
nova_meal_bulk_f3c18713a5	protein_out_of_range=107
nova_meal_bulk_f3de02bc41	protein_out_of_range=104
nova_meal_bulk_d34f2ddcdd	protein_out_of_range=108
nova_meal_bulk_71accb9aa9	protein_out_of_range=104
nova_meal_bulk_6e32042681	protein_out_of_range=108
nova_meal_bulk_87173fa248	protein_out_of_range=102
nova_meal_bulk_e90a1e0c67	protein_out_of_range=106
nova_meal_bulk_cffa3b3018	protein_out_of_range=102
nova_meal_bulk_0a708fd3c6	protein_out_of_range=106
nova_meal_bulk_ce8f39da01	protein_out_of_range=102
nova_meal_bulk_7727ebad91	protein_out_of_range=106
nova_meal_bulk_02415ac7af	protein_out_of_range=102
nova_meal_bulk_d91f08ed54	protein_out_of_range=106
nova_meal_bulk_c367e74664	protein_out_of_range=104
nova_meal_bulk_c148de6d0b	protein_out_of_range=108
nova_meal_bulk_14be244988	protein_out_of_range=102
nova_meal_bulk_f1d9c77ec7	protein_out_of_range=106
nova_meal_bulk_32bda152dd	protein_out_of_range=103
nova_meal_bulk_3d0907c80b	protein_out_of_range=107
nova_meal_bulk_2ac2ba29ee	protein_out_of_range=94
nova_meal_bulk_aca343fcaf	protein_out_of_range=98
nova_meal_bulk_97aa0f3701	protein_out_of_range=95
nova_meal_bulk_4e58a0015a	protein_out_of_range=99
nova_meal_bulk_72110e95d8	protein_out_of_range=95
nova_meal_bulk_da7adc4d03	protein_out_of_range=99
nova_meal_bulk_7d21cf66e6	protein_out_of_range=93
nova_meal_bulk_413dbb7e8d	protein_out_of_range=97
nova_meal_bulk_5b0dea6476	protein_out_of_range=93
nova_meal_bulk_e25186c04f	protein_out_of_range=97
nova_meal_bulk_3d581abe19	protein_out_of_range=93
nova_meal_bulk_3cc310b31c	protein_out_of_range=97
nova_meal_bulk_bdc8ddd45a	protein_out_of_range=93
nova_meal_bulk_b5c09bcf1b	protein_out_of_range=97
nova_meal_bulk_d6aa247e02	protein_out_of_range=95
nova_meal_bulk_63a1985c00	protein_out_of_range=99
nova_meal_bulk_29aac672f0	protein_out_of_range=93
nova_meal_bulk_84627a1369	protein_out_of_range=97
nova_meal_bulk_3eb4fca63b	protein_out_of_range=94
nova_meal_bulk_e056c42171	protein_out_of_range=98
nova_meal_bulk_d978e7d910	protein_out_of_range=100
nova_meal_bulk_72b808d48a	protein_out_of_range=103
nova_meal_bulk_5c70c51b19	protein_out_of_range=100
nova_meal_bulk_e220261723	protein_out_of_range=104
nova_meal_bulk_2af0eb68eb	protein_out_of_range=100
nova_meal_bulk_b440bad831	protein_out_of_range=104
nova_meal_bulk_7d7e5f6892	protein_out_of_range=98
nova_meal_bulk_3bd1b16780	protein_out_of_range=102
nova_meal_bulk_4845b7274b	protein_out_of_range=98
nova_meal_bulk_6269709791	protein_out_of_range=102
nova_meal_bulk_e6c2dfa96e	protein_out_of_range=98
nova_meal_bulk_3263915439	protein_out_of_range=102
nova_meal_bulk_ad5548d0bf	protein_out_of_range=98
nova_meal_bulk_860fe2e13d	protein_out_of_range=102
nova_meal_bulk_4675d97c5a	protein_out_of_range=100
nova_meal_bulk_567bd21f8f	protein_out_of_range=104
nova_meal_bulk_0f400419ae	protein_out_of_range=98
nova_meal_bulk_efe2d34e22	protein_out_of_range=102
nova_meal_bulk_7c1985a73c	protein_out_of_range=99
nova_meal_bulk_7dfa235a47	protein_out_of_range=103
nova_meal_bulk_a6ae5ce522	protein_out_of_range=95
nova_meal_bulk_d828c5c54c	protein_out_of_range=99
nova_meal_bulk_fd26806d14	protein_out_of_range=95
nova_meal_bulk_6354af1ae1	protein_out_of_range=99
nova_meal_bulk_7cd655e4d4	protein_out_of_range=95
nova_meal_bulk_57e9544a2c	protein_out_of_range=99
nova_meal_bulk_4dcf8c7a8d	protein_out_of_range=93
nova_meal_bulk_8b77bbeb6b	protein_out_of_range=97
nova_meal_bulk_7442fb7367	protein_out_of_range=93
nova_meal_bulk_44dcf958d3	protein_out_of_range=97
nova_meal_bulk_772f8c6f6c	protein_out_of_range=94
nova_meal_bulk_2c73ea355d	protein_out_of_range=97
nova_meal_bulk_71ed1fbd0a	protein_out_of_range=93
nova_meal_bulk_9c43fe9172	protein_out_of_range=97
nova_meal_bulk_31057feb52	protein_out_of_range=95
nova_meal_bulk_d3057889aa	protein_out_of_range=99
nova_meal_bulk_879b14629e	protein_out_of_range=93
nova_meal_bulk_b91068015b	protein_out_of_range=97
nova_meal_bulk_40028996a9	protein_out_of_range=94
nova_meal_bulk_7909900241	protein_out_of_range=98
nova_meal_bulk_7f8560a71d	protein_out_of_range=98
nova_meal_bulk_f27a5ea70f	protein_out_of_range=99
nova_meal_bulk_3f4f313a4d	protein_out_of_range=97
nova_meal_bulk_cc31f57b34	protein_out_of_range=98
nova_meal_bulk_5850f14f67	protein_out_of_range=100
nova_meal_bulk_a1e70aff2f	protein_out_of_range=98
nova_meal_bulk_da53d1eb25	protein_out_of_range=98
nova_meal_bulk_6b3e103383	protein_out_of_range=100
nova_meal_bulk_95990beef8	protein_out_of_range=98
nova_meal_bulk_a4545bcb25	protein_out_of_range=96
nova_meal_bulk_fc30c55221	protein_out_of_range=98
nova_meal_bulk_4e2cdb66ae	protein_out_of_range=95
nova_meal_bulk_58803322e8	protein_out_of_range=96
nova_meal_bulk_a540b18e8d	protein_out_of_range=98
nova_meal_bulk_e10cc58c32	protein_out_of_range=96
nova_meal_bulk_f493f9985a	protein_out_of_range=96
nova_meal_bulk_eb85f81aa2	protein_out_of_range=98
nova_meal_bulk_23a9bee8d0	protein_out_of_range=96
nova_meal_bulk_c790498dd1	protein_out_of_range=96
nova_meal_bulk_d1c14c6368	protein_out_of_range=98
nova_meal_bulk_e13c1b1323	protein_out_of_range=95
nova_meal_bulk_f29f2e310a	protein_out_of_range=98
nova_meal_bulk_bf014b18c7	protein_out_of_range=100
nova_meal_bulk_75936a3c3d	protein_out_of_range=98
nova_meal_bulk_628def0118	protein_out_of_range=96
nova_meal_bulk_7b0ca6805d	protein_out_of_range=98
nova_meal_bulk_5ad601792f	protein_out_of_range=96
nova_meal_bulk_7b009f5f56	protein_out_of_range=97
nova_meal_bulk_1a8cab7fda	protein_out_of_range=99
nova_meal_bulk_ab4f014365	protein_out_of_range=97
nova_meal_bulk_70ac4bbcff	protein_out_of_range=96
nova_meal_bulk_790137a0e4	protein_out_of_range=98
nova_meal_bulk_afb50c3e53	protein_out_of_range=96
nova_meal_bulk_83684ed1a4	protein_out_of_range=96
nova_meal_bulk_41093f3c6a	protein_out_of_range=98
nova_meal_bulk_eb269abcc6	protein_out_of_range=96
nova_meal_bulk_0dcaf91c15	protein_out_of_range=96
nova_meal_bulk_f08bb168da	protein_out_of_range=98
nova_meal_bulk_0ccaa922a1	protein_out_of_range=96
nova_meal_bulk_3ac11e2ea4	protein_out_of_range=94
nova_meal_bulk_be1a75ebe7	protein_out_of_range=96
nova_meal_bulk_9aa605f4d7	protein_out_of_range=94
nova_meal_bulk_dd028d23ce	protein_out_of_range=94
nova_meal_bulk_d140e31c76	protein_out_of_range=96
nova_meal_bulk_edea0d362b	protein_out_of_range=94
nova_meal_bulk_3a2c8378cd	protein_out_of_range=94
nova_meal_bulk_a72c457238	protein_out_of_range=96
nova_meal_bulk_7c829d6b01	protein_out_of_range=94
nova_meal_bulk_805523b672	protein_out_of_range=94
nova_meal_bulk_0964969879	protein_out_of_range=96
nova_meal_bulk_7684b1f0a0	protein_out_of_range=94
nova_meal_bulk_cd2e0e258b	protein_out_of_range=97
nova_meal_bulk_a3e8f76c46	protein_out_of_range=98
nova_meal_bulk_9e959c85ea	protein_out_of_range=96
nova_meal_bulk_2506ca17e2	protein_out_of_range=94
nova_meal_bulk_599eb498ce	protein_out_of_range=96
nova_meal_bulk_713bfb3465	protein_out_of_range=94
nova_meal_bulk_ffda311c62	protein_out_of_range=95
nova_meal_bulk_24d38f7dec	protein_out_of_range=97
nova_meal_bulk_001a5be6f8	protein_out_of_range=95
nova_meal_bulk_a91be14795	protein_out_of_range=95
nova_meal_bulk_1984e40e02	protein_out_of_range=97
nova_meal_bulk_9ed209812c	protein_out_of_range=94
nova_meal_bulk_16b722db08	protein_out_of_range=95
nova_meal_bulk_f17feafa58	protein_out_of_range=97
nova_meal_bulk_b9239f8573	protein_out_of_range=95
nova_meal_bulk_eae72a85cb	protein_out_of_range=95
nova_meal_bulk_175c0a6ca1	protein_out_of_range=97
nova_meal_bulk_cef329228d	protein_out_of_range=95
nova_meal_bulk_38ab0db369	protein_out_of_range=93
nova_meal_bulk_05819e0bc6	protein_out_of_range=95
nova_meal_bulk_0d7cc96cc9	protein_out_of_range=93
nova_meal_bulk_7e98564ae1	protein_out_of_range=93
nova_meal_bulk_a726c49f87	protein_out_of_range=95
nova_meal_bulk_a59c1eabf0	protein_out_of_range=93
nova_meal_bulk_eed50a8e06	protein_out_of_range=93
nova_meal_bulk_3bb4b9e09d	protein_out_of_range=95
nova_meal_bulk_4b5c68ec31	protein_out_of_range=93
nova_meal_bulk_57d18a4627	protein_out_of_range=93
nova_meal_bulk_701786eec3	protein_out_of_range=95
nova_meal_bulk_75e52e9987	protein_out_of_range=93
nova_meal_bulk_d231280c13	protein_out_of_range=96
nova_meal_bulk_e372516779	protein_out_of_range=97
nova_meal_bulk_b7cc12d721	protein_out_of_range=95
nova_meal_bulk_b8bf5cf835	protein_out_of_range=93
nova_meal_bulk_01f18e51d1	protein_out_of_range=95
nova_meal_bulk_a7e6870eb9	protein_out_of_range=93
nova_meal_bulk_c1bc0f3840	protein_out_of_range=94
nova_meal_bulk_92cbd78fb5	protein_out_of_range=96
nova_meal_bulk_3041e6387f	protein_out_of_range=94
nova_meal_bulk_6d6122f815	protein_out_of_range=96
nova_meal_bulk_ea54330161	protein_out_of_range=98
nova_meal_bulk_5582b024cd	protein_out_of_range=96
nova_meal_bulk_0a1ce732df	protein_out_of_range=97
nova_meal_bulk_c02bc97c45	protein_out_of_range=99
nova_meal_bulk_55d50c7d51	protein_out_of_range=97
nova_meal_bulk_e0cad7da91	protein_out_of_range=97
nova_meal_bulk_8885627baa	protein_out_of_range=99
nova_meal_bulk_3ed85017ae	protein_out_of_range=97
nova_meal_bulk_ec2d85041b	protein_out_of_range=94