TOTAL accepted=689 rejected=169

  ibd                       gen= 100 acc=  80 rej=  0 dedup= 20
  hyperthyroidism           gen= 100 acc=  90 rej=  0 dedup= 10
  chronic_insomnia          gen= 100 acc= 100 rej=  0 dedup=  0
  diabetes_t1               gen= 200 acc= 170 rej=  0 dedup= 30
  vitamin_d_deficiency      gen=  60 acc=  40 rej=  0 dedup= 20
  overweight                gen= 143 acc= 122 rej=  0 dedup= 21
  gout                      gen= 100 acc=  50 rej=  0 dedup= 50
  liquid_extras             gen=  30 acc=  12 rej= 18 dedup=  0
  diabetes_t1_snacks        gen=  25 acc=  25 rej=  0 dedup=  0

nova_meal_r3_ibd_0011	dedup_name
nova_meal_r3_ibd_0012	dedup_name
nova_meal_r3_ibd_0013	dedup_name
nova_meal_r3_ibd_0014	dedup_name
nova_meal_r3_ibd_0015	dedup_name
nova_meal_r3_ibd_0016	dedup_name
nova_meal_r3_ibd_0017	dedup_name
nova_meal_r3_ibd_0018	dedup_name
nova_meal_r3_ibd_0019	dedup_name
nova_meal_r3_ibd_0020	dedup_name
nova_meal_r3_ibd_0071	dedup_name
nova_meal_r3_ibd_0072	dedup_name
nova_meal_r3_ibd_0073	dedup_name
nova_meal_r3_ibd_0074	dedup_name
nova_meal_r3_ibd_0075	dedup_name
nova_meal_r3_ibd_0076	dedup_name
nova_meal_r3_ibd_0077	dedup_name
nova_meal_r3_ibd_0078	dedup_name
nova_meal_r3_ibd_0079	dedup_name
nova_meal_r3_ibd_0080	dedup_name
nova_meal_r3_hy_0071	dedup_name
nova_meal_r3_hy_0072	dedup_name
nova_meal_r3_hy_0073	dedup_name
nova_meal_r3_hy_0074	dedup_name
nova_meal_r3_hy_0075	dedup_name
nova_meal_r3_hy_0076	dedup_name
nova_meal_r3_hy_0077	dedup_name
nova_meal_r3_hy_0078	dedup_name
nova_meal_r3_hy_0079	dedup_name
nova_meal_r3_hy_0080	dedup_name
nova_meal_r3_d1_0041	dedup_name
nova_meal_r3_d1_0042	dedup_name
nova_meal_r3_d1_0043	dedup_name
nova_meal_r3_d1_0044	dedup_name
nova_meal_r3_d1_0045	dedup_name
nova_meal_r3_d1_0046	dedup_name
nova_meal_r3_d1_0047	dedup_name
nova_meal_r3_d1_0048	dedup_name
nova_meal_r3_d1_0049	dedup_name
nova_meal_r3_d1_0050	dedup_name
nova_meal_r3_d1_0061	dedup_name
nova_meal_r3_d1_0062	dedup_name
nova_meal_r3_d1_0063	dedup_name
nova_meal_r3_d1_0064	dedup_name
nova_meal_r3_d1_0065	dedup_name
nova_meal_r3_d1_0066	dedup_name
nova_meal_r3_d1_0067	dedup_name
nova_meal_r3_d1_0068	dedup_name
nova_meal_r3_d1_0069	dedup_name
nova_meal_r3_d1_0070	dedup_name
nova_meal_r3_d1_0131	dedup_name
nova_meal_r3_d1_0132	dedup_name
nova_meal_r3_d1_0133	dedup_name
nova_meal_r3_d1_0134	dedup_name
nova_meal_r3_d1_0135	dedup_name
nova_meal_r3_d1_0136	dedup_name
nova_meal_r3_d1_0137	dedup_name
nova_meal_r3_d1_0138	dedup_name
nova_meal_r3_d1_0139	dedup_name
nova_meal_r3_d1_0140	dedup_name
nova_meal_r3_vd2_0021	dedup_name
nova_meal_r3_vd2_0022	dedup_name
nova_meal_r3_vd2_0023	dedup_name
nova_meal_r3_vd2_0024	dedup_name
nova_meal_r3_vd2_0025	dedup_name
nova_meal_r3_vd2_0026	dedup_name
nova_meal_r3_vd2_0027	dedup_name
nova_meal_r3_vd2_0028	dedup_name
nova_meal_r3_vd2_0029	dedup_name
nova_meal_r3_vd2_0030	dedup_name
nova_meal_r3_vd2_0041	dedup_name
nova_meal_r3_vd2_0042	dedup_name
nova_meal_r3_vd2_0043	dedup_name
nova_meal_r3_vd2_0044	dedup_name
nova_meal_r3_vd2_0045	dedup_name
nova_meal_r3_vd2_0046	dedup_name
nova_meal_r3_vd2_0047	dedup_name
nova_meal_r3_vd2_0048	dedup_name
nova_meal_r3_vd2_0049	dedup_name
nova_meal_r3_vd2_0050	dedup_name
nova_meal_r3_ow2_0023	dedup_name
nova_meal_r3_ow2_0024	dedup_name
nova_meal_r3_ow2_0025	dedup_name
nova_meal_r3_ow2_0026	dedup_name
nova_meal_r3_ow2_0027	dedup_name
nova_meal_r3_ow2_0028	dedup_name
nova_meal_r3_ow2_0029	dedup_name
nova_meal_r3_ow2_0030	dedup_name
nova_meal_r3_ow2_0031	dedup_name
nova_meal_r3_ow2_0032	dedup_name
nova_meal_r3_ow2_0033	dedup_name
nova_meal_r3_ow2_0100	dedup_name
nova_meal_r3_ow2_0101	dedup_name
nova_meal_r3_ow2_0102	dedup_name
nova_meal_r3_ow2_0103	dedup_name
nova_meal_r3_ow2_0104	dedup_name
nova_meal_r3_ow2_0105	dedup_name
nova_meal_r3_ow2_0106	dedup_name
nova_meal_r3_ow2_0107	dedup_name
nova_meal_r3_ow2_0108	dedup_name
nova_meal_r3_ow2_0109	dedup_name
nova_meal_r3_go2_0001	dedup_name
nova_meal_r3_go2_0002	dedup_name
nova_meal_r3_go2_0003	dedup_name
nova_meal_r3_go2_0004	dedup_name
nova_meal_r3_go2_0005	dedup_name
nova_meal_r3_go2_0006	dedup_name
nova_meal_r3_go2_0007	dedup_name
nova_meal_r3_go2_0008	dedup_name
nova_meal_r3_go2_0009	dedup_name
nova_meal_r3_go2_0010	dedup_name
nova_meal_r3_go2_0011	dedup_name
nova_meal_r3_go2_0012	dedup_name
nova_meal_r3_go2_0013	dedup_name
nova_meal_r3_go2_0014	dedup_name
nova_meal_r3_go2_0015	dedup_name
nova_meal_r3_go2_0016	dedup_name
nova_meal_r3_go2_0017	dedup_name
nova_meal_r3_go2_0018	dedup_name
nova_meal_r3_go2_0019	dedup_name
nova_meal_r3_go2_0020	dedup_name
nova_meal_r3_go2_0041	dedup_name
nova_meal_r3_go2_0042	dedup_name
nova_meal_r3_go2_0043	dedup_name
nova_meal_r3_go2_0044	dedup_name
nova_meal_r3_go2_0045	dedup_name
nova_meal_r3_go2_0046	dedup_name
nova_meal_r3_go2_0047	dedup_name
nova_meal_r3_go2_0048	dedup_name
nova_meal_r3_go2_0049	dedup_name
nova_meal_r3_go2_0050	dedup_name
nova_meal_r3_go2_0061	dedup_name
nova_meal_r3_go2_0062	dedup_name
nova_meal_r3_go2_0063	dedup_name
nova_meal_r3_go2_0064	dedup_name
nova_meal_r3_go2_0065	dedup_name
nova_meal_r3_go2_0066	dedup_name
nova_meal_r3_go2_0067	dedup_name
nova_meal_r3_go2_0068	dedup_name
nova_meal_r3_go2_0069	dedup_name
nova_meal_r3_go2_0070	dedup_name
nova_meal_r3_go2_0081	dedup_name
nova_meal_r3_go2_0082	dedup_name
nova_meal_r3_go2_0083	dedup_name
nova_meal_r3_go2_0084	dedup_name
nova_meal_r3_go2_0085	dedup_name
nova_meal_r3_go2_0086	dedup_name
nova_meal_r3_go2_0087	dedup_name
nova_meal_r3_go2_0088	dedup_name
nova_meal_r3_go2_0089	dedup_name
nova_meal_r3_go2_0090	dedup_name
nova_meal_r3_lq3_0004	kcal_out_of_range=12
nova_meal_r3_lq3_0005	kcal_out_of_range=12
nova_meal_r3_lq3_0006	kcal_out_of_range=12
nova_meal_r3_lq3_0007	kcal_out_of_range=28
nova_meal_r3_lq3_0008	kcal_out_of_range=28
nova_meal_r3_lq3_0009	kcal_out_of_range=28
nova_meal_r3_lq3_0013	kcal_out_of_range=12
nova_meal_r3_lq3_0014	kcal_out_of_range=12
nova_meal_r3_lq3_0015	kcal_out_of_range=12
nova_meal_r3_lq3_0019	kcal_out_of_range=16
nova_meal_r3_lq3_0020	kcal_out_of_range=16
nova_meal_r3_lq3_0021	kcal_out_of_range=16
nova_meal_r3_lq3_0025	kcal_out_of_range=24
nova_meal_r3_lq3_0026	kcal_out_of_range=24
nova_meal_r3_lq3_0027	kcal_out_of_range=24
nova_meal_r3_lq3_0028	kcal_out_of_range=8
nova_meal_r3_lq3_0029	kcal_out_of_range=8
nova_meal_r3_lq3_0030	kcal_out_of_range=8