existing_before=33758
added=393
total_after=34151
rejected=31857

nova_meal_liq_001	dedupe_existing_id
nova_meal_liq_002	dedupe_existing_id
nova_meal_liq_003	dedupe_existing_id
nova_meal_liq_004	dedupe_existing_id
nova_meal_liq_005	dedupe_existing_id
nova_meal_liq_006	dedupe_existing_id
nova_meal_liq_007	dedupe_existing_id
nova_meal_liq_008	dedupe_existing_id
nova_meal_liq_009	dedupe_existing_id
nova_meal_liq_010	dedupe_existing_id
nova_meal_liq_012	dedupe_existing_id
nova_meal_liq_013	dedupe_existing_id
nova_meal_liq_014	dedupe_existing_id
nova_meal_liq_015	dedupe_existing_id
nova_meal_liq_016	dedupe_existing_id
nova_meal_liq_017	dedupe_existing_id
nova_meal_liq_018	dedupe_existing_id
nova_meal_liq_019	dedupe_existing_id
nova_meal_liq_020	dedupe_existing_id
nova_meal_liq_021	dedupe_existing_id
nova_meal_liq_022	dedupe_existing_id
nova_meal_liq_023	dedupe_existing_id
nova_meal_liq_024	dedupe_existing_id
nova_meal_liq_025	dedupe_existing_id
nova_meal_liq_026	dedupe_existing_id
nova_meal_liq_027	dedupe_existing_id
nova_meal_liq_028	dedupe_existing_id
nova_meal_liq_029	dedupe_existing_id
nova_meal_liq_030	dedupe_existing_id
nova_meal_bulk_34f63cbfc0	dedupe_existing_id
nova_meal_bulk_5fb77b3c4a	dedupe_existing_id
nova_meal_bulk_4f1772a4d2	dedupe_existing_id
nova_meal_bulk_4decd4d8c4	dedupe_existing_id
nova_meal_bulk_7c065e5911	dedupe_existing_id
nova_meal_bulk_28bee673d2	dedupe_existing_id
nova_meal_bulk_39f632be10	dedupe_existing_id
nova_meal_bulk_82d4170844	dedupe_existing_id
nova_meal_bulk_9e7a112e8f	dedupe_existing_id
nova_meal_bulk_5c0e60e5bd	dedupe_existing_id
nova_meal_bulk_516334bd9b	dedupe_existing_id
nova_meal_bulk_7b95871b40	dedupe_existing_id
nova_meal_bulk_9152137972	dedupe_existing_id
nova_meal_bulk_09dab930d5	dedupe_existing_id
nova_meal_bulk_71c69fb0b2	dedupe_existing_id
nova_meal_bulk_3db5eade1e	dedupe_existing_id
nova_meal_bulk_71edade277	dedupe_existing_id
nova_meal_bulk_d8b960025c	dedupe_existing_id
nova_meal_bulk_4071e4f24f	dedupe_existing_id
nova_meal_bulk_748e424b43	dedupe_existing_id
nova_meal_bulk_45901f8056	dedupe_existing_id
nova_meal_bulk_1a5a896abc	dedupe_existing_id
nova_meal_bulk_21c84f3c43	dedupe_existing_id
nova_meal_bulk_743413eb4e	dedupe_existing_id
nova_meal_bulk_89f036da6b	dedupe_existing_id
nova_meal_bulk_cea85ae4c0	dedupe_existing_id
nova_meal_bulk_17ae120842	dedupe_existing_id
nova_meal_bulk_658f90c9af	dedupe_existing_id
nova_meal_bulk_38504f1ca5	dedupe_existing_id
nova_meal_bulk_59e1a276bf	dedupe_existing_id
nova_meal_bulk_225fdc168a	dedupe_existing_id
nova_meal_bulk_13e73a8783	dedupe_existing_id
nova_meal_bulk_f1438981be	dedupe_existing_id
nova_meal_bulk_961c76297c	dedupe_existing_id
nova_meal_bulk_a7dc7928e2	dedupe_existing_id
nova_meal_bulk_37cd088ecb	dedupe_existing_id
nova_meal_bulk_18dca4767b	dedupe_existing_id
nova_meal_bulk_6c742607a2	dedupe_existing_id
nova_meal_bulk_d31b9683d1	dedupe_existing_id
nova_meal_bulk_fb486011c8	dedupe_existing_id
nova_meal_bulk_7344b0e7a1	dedupe_existing_id
nova_meal_bulk_35d0eaf95b	dedupe_existing_id
nova_meal_bulk_2a2b2673cc	dedupe_existing_id
nova_meal_bulk_5d2d56ae3f	dedupe_existing_id
nova_meal_bulk_05085d8e12	dedupe_existing_id
nova_meal_bulk_5e18f1a1b5	dedupe_existing_id
nova_meal_bulk_db1285e637	dedupe_existing_id
nova_meal_bulk_24dfda0747	dedupe_existing_id
nova_meal_bulk_39dae40f1d	dedupe_existing_id
nova_meal_bulk_2bcbe28956	dedupe_existing_id
nova_meal_bulk_e8bef23816	dedupe_existing_id
nova_meal_bulk_ebefdb0fe5	dedupe_existing_id
nova_meal_bulk_c446e87517	dedupe_existing_id
nova_meal_bulk_c92975e2b8	dedupe_existing_id
nova_meal_bulk_baae1f8e13	dedupe_existing_id
nova_meal_bulk_057b2cb16a	dedupe_existing_id
nova_meal_bulk_5e6931d4c0	dedupe_existing_id
nova_meal_bulk_30a77f59b8	dedupe_existing_id
nova_meal_bulk_6f3a55c730	dedupe_existing_id
nova_meal_bulk_77d4077ae2	dedupe_existing_id
nova_meal_bulk_1b8ae4a169	dedupe_existing_id
nova_meal_bulk_fda5fbda27	dedupe_existing_id
nova_meal_bulk_441183d015	dedupe_existing_id
nova_meal_bulk_9890d4b456	dedupe_existing_id
nova_meal_bulk_31b4cf64d9	dedupe_existing_id
nova_meal_bulk_db6f6327f9	dedupe_existing_id
nova_meal_bulk_e470f81b56	dedupe_existing_id
nova_meal_bulk_5eaf51a8ed	dedupe_existing_id
nova_meal_bulk_cb2d9712a6	dedupe_existing_id
nova_meal_bulk_deb21cde93	dedupe_existing_id
nova_meal_bulk_f8f598bfb6	dedupe_existing_id
nova_meal_bulk_2950ba0834	dedupe_existing_id
nova_meal_bulk_04cbeb3ecd	dedupe_existing_id
nova_meal_bulk_8d2ef14328	dedupe_existing_id
nova_meal_bulk_b6e67775e7	dedupe_existing_id
nova_meal_bulk_a1ccd1ea51	dedupe_existing_id
nova_meal_bulk_4eb6304d6a	dedupe_existing_id
nova_meal_bulk_23be54e73b	dedupe_existing_id
nova_meal_bulk_d5d931b47b	dedupe_existing_id
nova_meal_bulk_1e271516d6	dedupe_existing_id
nova_meal_bulk_1cc5ce9342	dedupe_existing_id
nova_meal_bulk_0b91f74bc6	dedupe_existing_id
nova_meal_bulk_4f41b2f49c	dedupe_existing_id
nova_meal_bulk_f23cf4e754	dedupe_existing_id
nova_meal_bulk_b9237ff0e8	dedupe_existing_id
nova_meal_bulk_283f0c159a	dedupe_existing_id
nova_meal_bulk_e3385ebf07	dedupe_existing_id
nova_meal_bulk_2f71fc18eb	dedupe_existing_id
nova_meal_bulk_2495ea1637	dedupe_existing_id
nova_meal_bulk_88eff3a913	dedupe_existing_id
nova_meal_bulk_befc9a6d30	dedupe_existing_id
nova_meal_bulk_89c0061908	dedupe_existing_id
nova_meal_bulk_2ddc23bea5	dedupe_existing_id
nova_meal_bulk_4b9a2d588b	dedupe_existing_id
nova_meal_bulk_0b4b525ca0	dedupe_existing_id
nova_meal_bulk_cb50570e1f	dedupe_existing_id
nova_meal_bulk_596cba72b8	dedupe_existing_id
nova_meal_bulk_ef115b8303	dedupe_existing_id
nova_meal_bulk_bedb44231f	dedupe_existing_id
nova_meal_bulk_8fc3d50644	dedupe_existing_id
nova_meal_bulk_2b8d7b3ac9	dedupe_existing_id
nova_meal_bulk_83a30da3d8	dedupe_existing_id
nova_meal_bulk_142bb8b77f	dedupe_existing_id
nova_meal_bulk_8dc878f37a	dedupe_existing_id
nova_meal_bulk_4a376caf9f	dedupe_existing_id
nova_meal_bulk_52a033ab4d	dedupe_existing_id
nova_meal_bulk_939f67e054	dedupe_existing_id
nova_meal_bulk_0e73d660e8	dedupe_existing_id
nova_meal_bulk_dae743d44e	dedupe_existing_id
nova_meal_bulk_6d441b0aeb	dedupe_existing_id
nova_meal_bulk_06533da78d	dedupe_existing_id
nova_meal_bulk_460d152d01	dedupe_existing_id
nova_meal_bulk_057dac7b5c	dedupe_existing_id
nova_meal_bulk_9329c9fe6b	dedupe_existing_id
nova_meal_bulk_ce8a81a0ef	dedupe_existing_id
nova_meal_bulk_6553cb501f	dedupe_existing_id
nova_meal_bulk_6391526e42	dedupe_existing_id
nova_meal_bulk_ae7571226e	dedupe_existing_id
nova_meal_bulk_51df2cfab5	dedupe_existing_id
nova_meal_bulk_ac840828fa	dedupe_existing_id
nova_meal_bulk_9d68a53edc	dedupe_existing_id
nova_meal_bulk_3fdb790d49	dedupe_existing_id
nova_meal_bulk_4671f44fe9	dedupe_existing_id
nova_meal_bulk_ace1c996a3	dedupe_existing_id
nova_meal_bulk_f1d6fe268e	dedupe_existing_id
nova_meal_bulk_aa9870c296	dedupe_existing_id
nova_meal_bulk_77ae0e78c0	dedupe_existing_id
nova_meal_bulk_7b625f2085	dedupe_existing_id
nova_meal_bulk_fa67f1c400	dedupe_existing_id
nova_meal_bulk_3c1ef54a21	dedupe_existing_id
nova_meal_bulk_de625108ba	dedupe_existing_id
nova_meal_bulk_5a0a9f89c0	dedupe_existing_id
nova_meal_bulk_55180e1220	dedupe_existing_id
nova_meal_bulk_22d95f5987	dedupe_existing_id
nova_meal_bulk_d8391ef985	dedupe_existing_id
nova_meal_bulk_453afbab67	dedupe_existing_id
nova_meal_bulk_548a25e28e	dedupe_existing_id
nova_meal_bulk_c3ea7a9b13	dedupe_existing_id
nova_meal_bulk_c5863c3d51	dedupe_existing_id
nova_meal_bulk_16993921f5	dedupe_existing_id
nova_meal_bulk_dec34eb525	dedupe_existing_id
nova_meal_bulk_692251f7ea	dedupe_existing_id
nova_meal_bulk_1181e9993a	dedupe_existing_id
nova_meal_bulk_2002e3cfcc	dedupe_existing_id
nova_meal_bulk_c285e05c6c	dedupe_existing_id
nova_meal_bulk_ce59cee05b	dedupe_existing_id
nova_meal_bulk_6678b814fd	dedupe_existing_id
nova_meal_bulk_99d4689b72	dedupe_existing_id
nova_meal_bulk_292d6776e9	dedupe_existing_id
nova_meal_bulk_7031bfe6ca	dedupe_existing_id
nova_meal_bulk_d523c34801	dedupe_existing_id
nova_meal_bulk_73e8590c2f	dedupe_existing_id
nova_meal_bulk_a27294718b	dedupe_existing_id
nova_meal_bulk_70e9d689b8	dedupe_existing_id
nova_meal_bulk_670751e61b	dedupe_existing_id
nova_meal_bulk_b42a56d097	dedupe_existing_id
nova_meal_bulk_197c5f6943	dedupe_existing_id
nova_meal_bulk_ab19b027b1	dedupe_existing_id
nova_meal_bulk_291210930e	dedupe_existing_id
nova_meal_bulk_d1a00ef2a9	dedupe_existing_id
nova_meal_bulk_debd079f80	dedupe_existing_id
nova_meal_bulk_7f427a9a93	dedupe_existing_id
nova_meal_bulk_d3993be809	dedupe_existing_id
nova_meal_bulk_f317d3676d	dedupe_existing_id
nova_meal_bulk_ec623ee63e	dedupe_existing_id
nova_meal_bulk_1007cab3a9	dedupe_existing_id
nova_meal_bulk_67658ddb2f	dedupe_existing_id
nova_meal_bulk_abdb23ce83	dedupe_existing_id
nova_meal_bulk_e6b23bc2b9	dedupe_existing_id
nova_meal_bulk_35cca69b10	dedupe_existing_id
nova_meal_bulk_2c53376391	dedupe_existing_id